src/components/ui/CardSwap.tsx(1,97): error TS1484: 'ReactNode' is a type and must be imported using a type-only import when 'verbatimModuleSyntax' is enabled.
src/components/ui/CardSwap.tsx(87,23): error TS2554: Expected 1 arguments, but got 0.
src/components/ui/CardSwap.tsx(189,39): error TS18046: 'child.props' is of type 'unknown'.
src/components/ui/CardSwap.tsx(191,13): error TS18046: 'child.props' is of type 'unknown'.
